# serializer version: 1
# name: test_pdf_section_fingerprint
  list([
    'Antardasha',
    'Ascendant',
    'Aspects',
    'Avkahada Chakra',
    'Basic Details',
    'Bhava',
    'Birth Chart',
    'Char Dasha',
    'Character',
    'Divisional',
    'Doshas',
    'Favourable Points',
    'Friendship',
    'Ghatak',
    'Gochar',
    'Graha Drishti',
    'Jaimini',
    'Lal Kitab',
    'Mahadasha',
    'Mangal Dosha',
    'Nakshatra',
    'Numerology',
    'Planet Considerations',
    'Pratyantar',
    'Remedies',
    'Sade Sati',
    'Shadbala',
    'Shodashvarga',
    'Varshaphal',
    'Yogas',
    'Yogini',
  ])
# ---
